=== Automated Test Suite Execution ===
$ godot --headless tests/test_runner.tscn
Exit code: 0
=== Test Suite Finished: 231 PASS, 0 FAIL ===

=== LOC Checker Execution ===
$ godot --headless --script tools/loc_checker/loc_checker.gd
Exit code: 0
Scanned 39 files.
PASS: No files exceed the 300-line limit.

=== Stub Scanner Execution ===
$ godot --headless --script tools/stub_scanner/stub_scanner.gd
Exit code: 0
Scanned 36 files.
PASS: No stubs or placeholders found.

=== Evidence Checker Execution ===
$ godot --headless --script tools/evidence_checker/evidence_checker.gd
Exit code: 0
Evidence bundles checked: 22
Valid: 22
PASS: All evidence bundles meet required structure.
