=== Execution Log — DOC-005 ===
Date: 2026-08-05

1. Verified Preflight Status:
Command: godot --headless tests/test_runner.tscn
Result: 253 PASS, 0 FAIL

2. Executed Governance Scanners Preflight:
Command: godot --headless --script tools/loc_checker/loc_checker.gd
Result: PASS (40 files scanned, 0 over 300 lines)

Command: godot --headless --script tools/stub_scanner/stub_scanner.gd
Result: PASS (37 files scanned, 0 stubs found)

Command: godot --headless --script tools/evidence_checker/evidence_checker.gd
Result: PASS (23 bundles checked, 23 valid)

3. Implementation Edits:
- Modified core/documents/project_schema.gd (added get_unknown_fields static method).
- Modified core/serialization/serialization_service.gd (implemented load_project_with_diagnostics, get_last_load_diagnostics, diagnostics logging via AppState, and unknown field preservation).
- Created tests/integration/test_project_load.gd (27 test assertions).
- Modified tests/test_runner.gd (registered TestProjectLoadScript step 18).

4. Executed Post-Implementation Automated Test Suite:
Command: godot --headless tests/test_runner.tscn
Result: 280 PASS, 0 FAIL (100% pass)

5. Executed Post-Implementation Governance Scanners:
Command: godot --headless --script tools/loc_checker/loc_checker.gd
Result: PASS (41 files scanned, 0 over 300 lines)

Command: godot --headless --script tools/stub_scanner/stub_scanner.gd
Result: PASS (38 files scanned, 0 stubs found)

Command: godot --headless --script tools/evidence_checker/evidence_checker.gd
Result: PASS (24 bundles checked, 24 valid)
