[2026-08-05T07:13:58-04:00] godot --headless tests/test_runner.tscn
Exit Code: 0
Output:
=== Running Automated Test Suite ===

[TEST 1] Baseline valid fixture loading...
  PASS: Baseline fixture loaded and validated successfully.
[TEST 2] Malformed corrupt fixture handling...
  PASS: Malformed fixture handled safely without crash.
[TEST 3] IDService UUID & registration...
  PASS: IDService generated and registered valid UUID
[TEST 4] CommandService stack...
  PASS: CommandService initialized clean stack.
[TEST 5] Startup script instantiation & diagnostic sequence...
  PASS: Startup sequence reported completion successfully.
  PASS: All 5 startup diagnostic checks passed (5/5).
  PASS: Zero startup errors reported.
  PASS: DiagnosticsService recorded 7 diagnostic entries.
[TEST 6] Main window instantiation & dock layout management...
  PASS: DockLayoutManager registered 6 default panels.
  PASS: Retrieved DockPanel 'panel_assets' successfully.
  PASS: DockPanel toggle_collapse operates correctly.
  PASS: Applied preset 'Minimal' successfully.
  PASS: Exported layout preset dictionary successfully.
  PASS: Imported layout preset dictionary successfully.
  PASS: Status bar message updated and verified.

=== Test Suite Finished: 15 PASS, 0 FAIL ===

[2026-08-05T07:14:00-04:00] godot --headless --script tools/loc_checker/loc_checker.gd
Exit Code: 0
Output: Scanned 16 files. PASS: No files exceed 300-line limit.

[2026-08-05T07:14:02-04:00] godot --headless --script tools/stub_scanner/stub_scanner.gd
Exit Code: 0
Output: Scanned 13 files. PASS: No stubs or placeholders found.
