# Command Execution Log — APP-007

Command 1: Test Suite
$ godot --headless tests/test_runner.tscn
Godot Engine v4.7.1.stable.official.a13da4feb - https://godotengine.org
=== Running Automated Test Suite ===
...
=== Test Suite Finished: 114 PASS, 0 FAIL ===

Command 2: LOC Checker
$ godot --headless --script tools/loc_checker/loc_checker.gd
Godot Engine v4.7.1.stable.official.a13da4feb - https://godotengine.org
=== LOC Checker v1.0.0 ===
Line limit: 300 lines
Scanned 28 files.
PASS: No files exceed the 300-line limit.

Command 3: Stub Scanner
$ godot --headless --script tools/stub_scanner/stub_scanner.gd
Godot Engine v4.7.1.stable.official.a13da4feb - https://godotengine.org
=== Stub Scanner v1.0.0 ===
Patterns: 13
Scanned 25 files.
PASS: No stubs or placeholders found.

Command 4: Evidence Checker
$ godot --headless --script tools/evidence_checker/evidence_checker.gd
Godot Engine v4.7.1.stable.official.a13da4feb - https://godotengine.org
=== Evidence Bundle Checker v1.0.0 ===
Evidence bundles checked: 16
Valid: 16
Invalid: 0
PASS: All evidence bundles meet required structure.
